// Jest Snapshot v1, https://goo.gl/fbAQLP

exports[`ProtocolQuery should render ProtocolQuery 1`] = `
<div
  class="protocol_query_wrapper"
>
  <div>
    <h2
      class="experiment_title"
    >
      Run new experiment
    </h2>
    <div
      class="note"
    >
      <span
        class="note_title"
      >
        Note:
      </span>
      <p>
        For each experiment you can select or type in one or more algorithms, number of iterations and message sizes
      </p>
    </div>
  </div>
  <form
    class="wrapper"
    data-testid="protocol-query-form"
  >
    <div
      class="form_item"
    >
      <label
        class="form_item_label"
      >
        Experiment name
         
        <span
          class="required"
        >
          *
        </span>
      </label>
      <input
        class="input_form_item"
        placeholder=""
        required=""
      />
    </div>
    <div
      class="form_item"
    >
      <label
        class="form_item_label"
      >
        Algorithm(s)
         
        <span
          class="required"
        >
          *
        </span>
      </label>
      <div
        class="att_select_container select_form_item att_select_multi_container css-b62m3t-container"
      >
        <span
          class="css-1f43avz-a11yText-A11yText"
          id="react-select-2-live-region"
        />
        <span
          aria-atomic="false"
          aria-live="polite"
          aria-relevant="additions text"
          class="css-1f43avz-a11yText-A11yText"
        />
        <div
          class="att_select__control css-13cymwt-control"
        >
          <div
            class="att_select__value-container att_select__value-container--is-multi css-16674sh-Component"
          >
            <div
              class="att_select__placeholder css-1jqq78o-placeholder"
              id="react-select-2-placeholder"
            />
            <div
              class="att_select__input-container css-d9r47t-Component"
              data-value=""
            >
              <input
                aria-autocomplete="list"
                aria-describedby="react-select-2-placeholder"
                aria-expanded="false"
                aria-haspopup="true"
                aria-required="true"
                autocapitalize="none"
                autocomplete="off"
                autocorrect="off"
                class="att_select__input"
                id="react-select-2-input"
                role="combobox"
                spellcheck="false"
                style="opacity: 1; width: 100%; grid-area: 1 / 2; min-width: 2px; border: 0px; margin: 0px; outline: 0; padding: 0px;"
                tabindex="0"
                type="text"
                value=""
              />
            </div>
          </div>
          <div
            class="att_select__indicators css-ny0e4k-Component"
          >
            <div
              aria-hidden="true"
              class="att_select__indicator att_select__dropdown-indicator css-1xc3v61-indicatorContainer"
            >
              <svg
                aria-hidden="true"
                class="css-tj5bde-Svg"
                focusable="false"
                height="20"
                viewBox="0 0 20 20"
                width="20"
              >
                <path
                  d="M4.516 7.548c0.436-0.446 1.043-0.481 1.576 0l3.908 3.747 3.908-3.747c0.533-0.481 1.141-0.446 1.574 0 0.436 0.445 0.408 1.197 0 1.615-0.406 0.418-4.695 4.502-4.695 4.502-0.217 0.223-0.502 0.335-0.787 0.335s-0.57-0.112-0.789-0.335c0 0-4.287-4.084-4.695-4.502s-0.436-1.17 0-1.615z"
                />
              </svg>
            </div>
          </div>
        </div>
        <input
          aria-hidden="true"
          class="css-5kkxb2-requiredInput-RequiredInput"
          required=""
          tabindex="-1"
          value=""
        />
      </div>
    </div>
    <div
      class="form_item"
    >
      <label
        class="form_item_label"
      >
        Number of iterations
         
        <span
          class="required"
        >
          *
        </span>
      </label>
      <div
        class="att_select_container select_form_item att_select_multi_container css-b62m3t-container"
      >
        <span
          class="css-1f43avz-a11yText-A11yText"
          id="react-select-3-live-region"
        />
        <span
          aria-atomic="false"
          aria-live="polite"
          aria-relevant="additions text"
          class="css-1f43avz-a11yText-A11yText"
        />
        <div
          class="att_select__control css-13cymwt-control"
        >
          <div
            class="att_select__value-container att_select__value-container--is-multi css-16674sh-Component"
          >
            <div
              class="att_select__placeholder css-1jqq78o-placeholder"
              id="react-select-3-placeholder"
            >
              + Add new
            </div>
            <div
              class="att_select__input-container css-d9r47t-Component"
              data-value=""
            >
              <input
                aria-autocomplete="list"
                aria-describedby="react-select-3-placeholder"
                aria-expanded="false"
                aria-haspopup="true"
                aria-required="true"
                autocapitalize="none"
                autocomplete="off"
                autocorrect="off"
                class="att_select__input"
                id="react-select-3-input"
                role="combobox"
                spellcheck="false"
                style="opacity: 1; width: 100%; grid-area: 1 / 2; min-width: 2px; border: 0px; margin: 0px; outline: 0; padding: 0px;"
                tabindex="0"
                type="text"
                value=""
              />
            </div>
          </div>
          <div
            class="att_select__indicators css-ny0e4k-Component"
          >
            <div
              aria-hidden="true"
              class="att_select__indicator att_select__dropdown-indicator css-1xc3v61-indicatorContainer"
            >
              <svg
                aria-hidden="true"
                class="css-tj5bde-Svg"
                focusable="false"
                height="20"
                viewBox="0 0 20 20"
                width="20"
              >
                <path
                  d="M4.516 7.548c0.436-0.446 1.043-0.481 1.576 0l3.908 3.747 3.908-3.747c0.533-0.481 1.141-0.446 1.574 0 0.436 0.445 0.408 1.197 0 1.615-0.406 0.418-4.695 4.502-4.695 4.502-0.217 0.223-0.502 0.335-0.787 0.335s-0.57-0.112-0.789-0.335c0 0-4.287-4.084-4.695-4.502s-0.436-1.17 0-1.615z"
                />
              </svg>
            </div>
          </div>
        </div>
        <input
          aria-hidden="true"
          class="css-5kkxb2-requiredInput-RequiredInput"
          required=""
          tabindex="-1"
          value=""
        />
      </div>
    </div>
    <div
      class="form_item"
    >
      <label
        class="form_item_label"
      >
        Description
      </label>
      <textarea
        class="form_item_text_area"
      />
    </div>
    <div
      class="submitButtonWrapper"
    >
      <button
        class="run_button button primary_button lg_button"
        type="submit"
      >
        Run
      </button>
    </div>
  </form>
</div>
`;
