// Jest Snapshot v1, https://goo.gl/fbAQLP

exports[`ProtocolQuery should render ProtocolQuery 1`] = `
<div
  class="protocol_query_wrapper"
>
  <form
    class="wrapper"
    data-testid="protocol-query-form"
  >
    <div
      class="form_item"
    >
      <label
        class="form_item_label"
      >
        Algorithm(s)
         
      </label>
    </div>
    <div
      class="form_item"
    >
      <label
        class="form_item_label"
      >
        Number of iterations
      </label>
    </div>
    <div
      class="submitButtonWrapper"
    >
      <button
        class="run_button button primary_button lg_button"
        type="submit"
      >
        Run
      </button>
    </div>
  </form>
</div>
`;
