// Jest Snapshot v1, https://goo.gl/fbAQLP

exports[`Charts should render Charts 1`] = `
<div
  class="wrapper"
>
  <div
    class="wrapper"
  >
    <div
      class="name"
    >
      Server Memory (%)
    </div>
    <canvas
      height="150"
      role="img"
      width="300"
    />
  </div>
  <div
    class="wrapper"
  >
    <div
      class="name"
    >
      Server CPU (%)
    </div>
    <canvas
      height="150"
      role="img"
      width="300"
    />
  </div>
  <div
    class="wrapper"
  >
    <div
      class="name"
    >
      Client Memory (%)
    </div>
    <canvas
      height="150"
      role="img"
      width="300"
    />
  </div>
  <div
    class="wrapper"
  >
    <div
      class="name"
    >
      Client CPU (%)
    </div>
    <canvas
      height="150"
      role="img"
      width="300"
    />
  </div>
</div>
`;
